2025-11-04 21:25:56,604 INFO o.a.j.u.JMeterUtils: Setting Locale to en_EN
2025-11-04 21:25:56,634 INFO o.a.j.JMeter: Loading user properties from: /opt/jmeter/bin/user.properties
2025-11-04 21:25:56,634 INFO o.a.j.JMeter: Loading system properties from: /opt/jmeter/bin/system.properties
2025-11-04 21:25:56,634 INFO o.a.j.JMeter: Setting JMeter property: threads=100
2025-11-04 21:25:56,635 INFO o.a.j.JMeter: Setting JMeter property: duration=180
2025-11-04 21:25:56,646 INFO o.a.j.JMeter: Copyright (c) 1998-2024 The Apache Software Foundation
2025-11-04 21:25:56,646 INFO o.a.j.JMeter: Version 5.6.3
2025-11-04 21:25:56,647 INFO o.a.j.JMeter: java.version=17.0.17
2025-11-04 21:25:56,647 INFO o.a.j.JMeter: java.vm.name=OpenJDK 64-Bit Server VM
2025-11-04 21:25:56,647 INFO o.a.j.JMeter: os.name=Linux
2025-11-04 21:25:56,647 INFO o.a.j.JMeter: os.arch=amd64
2025-11-04 21:25:56,647 INFO o.a.j.JMeter: os.version=5.14.0-570.12.1.el9_6.x86_64
2025-11-04 21:25:56,647 INFO o.a.j.JMeter: file.encoding=UTF-8
2025-11-04 21:25:56,647 INFO o.a.j.JMeter: java.awt.headless=true
2025-11-04 21:25:56,647 INFO o.a.j.JMeter: Max memory     =1073741824
2025-11-04 21:25:56,647 INFO o.a.j.JMeter: Available Processors =4
2025-11-04 21:25:56,664 INFO o.a.j.JMeter: Default Locale=English (EN)
2025-11-04 21:25:56,665 INFO o.a.j.JMeter: JMeter  Locale=English (EN)
2025-11-04 21:25:56,665 INFO o.a.j.JMeter: JMeterHome=/opt/jmeter
2025-11-04 21:25:56,665 INFO o.a.j.JMeter: user.dir  =/home/onprem/researchproject/expense_tracker/jmeter
2025-11-04 21:25:56,665 INFO o.a.j.JMeter: PWD       =/home/onprem/researchproject/expense_tracker/jmeter
2025-11-04 21:25:56,666 INFO o.a.j.JMeter: IP: 127.0.0.1 Name: localhost.localdomain FullName: localhost
2025-11-04 21:25:56,691 INFO o.a.j.JMeter: Setting property 'jmeter.reportgenerator.outputdir' to:'/home/onprem/researchproject/expense_tracker/jmeter/./report/report_k8s_fault_tolerance_20251104_212554'
2025-11-04 21:25:56,695 INFO o.a.j.s.FileServer: Default base='/home/onprem/researchproject/expense_tracker/jmeter'
2025-11-04 21:25:56,698 INFO o.a.j.s.FileServer: Set new base='/home/onprem/researchproject/expense_tracker/jmeter'
2025-11-04 21:25:57,020 INFO o.a.j.s.SaveService: Testplan (JMX) version: 2.2. Testlog (JTL) version: 2.2
2025-11-04 21:25:57,070 INFO o.a.j.s.SaveService: Using SaveService properties version 5.0
2025-11-04 21:25:57,075 INFO o.a.j.s.SaveService: Using SaveService properties file encoding UTF-8
2025-11-04 21:25:57,081 INFO o.a.j.s.SaveService: Loading file: expense_crud_test.jmx
2025-11-04 21:25:57,148 INFO o.a.j.p.h.c.CookieManager: Settings: Delete null: true Check: true Allow variable: true Save: false Prefix: COOKIE_
2025-11-04 21:25:57,173 INFO o.a.j.p.h.s.HTTPSamplerBase: Parser for text/html is org.apache.jmeter.protocol.http.parser.LagartoBasedHtmlParser
2025-11-04 21:25:57,173 INFO o.a.j.p.h.s.HTTPSamplerBase: Parser for application/xhtml+xml is org.apache.jmeter.protocol.http.parser.LagartoBasedHtmlParser
2025-11-04 21:25:57,173 INFO o.a.j.p.h.s.HTTPSamplerBase: Parser for application/xml is org.apache.jmeter.protocol.http.parser.LagartoBasedHtmlParser
2025-11-04 21:25:57,173 INFO o.a.j.p.h.s.HTTPSamplerBase: Parser for text/xml is org.apache.jmeter.protocol.http.parser.LagartoBasedHtmlParser
2025-11-04 21:25:57,174 INFO o.a.j.p.h.s.HTTPSamplerBase: Parser for text/vnd.wap.wml is org.apache.jmeter.protocol.http.parser.RegexpHTMLParser
2025-11-04 21:25:57,174 INFO o.a.j.p.h.s.HTTPSamplerBase: Parser for text/css is org.apache.jmeter.protocol.http.parser.CssParser
2025-11-04 21:25:57,208 INFO o.a.j.JMeter: Creating summariser <summary>
2025-11-04 21:25:57,226 INFO o.a.j.r.d.ReportGenerator: ReportGenerator will use for Parsing the separator: ','
2025-11-04 21:25:57,227 INFO o.a.j.r.d.ReportGenerator: Will generate report at end of test from  results file: ./results/results_k8s_fault_tolerance_20251104_212554.jtl
2025-11-04 21:25:57,227 INFO o.a.j.r.d.ReportGenerator: Reading report generator properties from: /opt/jmeter/bin/reportgenerator.properties
2025-11-04 21:25:57,228 INFO o.a.j.r.d.ReportGenerator: Merging with JMeter properties
2025-11-04 21:25:57,235 INFO o.a.j.r.c.ReportGeneratorConfiguration: Property 'jmeter.reportgenerator.temp_dir' not found, using default value 'temp' instead.
2025-11-04 21:25:57,239 INFO o.a.j.r.c.ReportGeneratorConfiguration: Property 'jmeter.reportgenerator.apdex_per_transaction' not found, using default value 'null' instead.
2025-11-04 21:25:57,239 INFO o.a.j.r.c.ReportGeneratorConfiguration: apdex_per_transaction is empty, not APDEX per transaction customization
2025-11-04 21:25:57,239 INFO o.a.j.r.c.ReportGeneratorConfiguration: Property 'jmeter.reportgenerator.sample_filter' not found, using default value 'null' instead.
2025-11-04 21:25:57,240 INFO o.a.j.r.c.ReportGeneratorConfiguration: Property 'jmeter.reportgenerator.report_title' not found, using default value 'null' instead.
2025-11-04 21:25:57,240 INFO o.a.j.r.c.ReportGeneratorConfiguration: Property 'jmeter.reportgenerator.start_date' not found, using default value 'null' instead.
2025-11-04 21:25:57,240 INFO o.a.j.r.c.ReportGeneratorConfiguration: Property 'jmeter.reportgenerator.end_date' not found, using default value 'null' instead.
2025-11-04 21:25:57,240 INFO o.a.j.r.c.ReportGeneratorConfiguration: Property 'jmeter.reportgenerator.date_format' not found, using default value 'null' instead.
2025-11-04 21:25:57,240 INFO o.a.j.r.c.ReportGeneratorConfiguration: Will use date range start date: null, end date: null
2025-11-04 21:25:57,245 INFO o.a.j.r.c.ReportGeneratorConfiguration: Property 'jmeter.reportgenerator.graph.totalTPS.exclude_controllers' not found, using default value 'false' instead.
2025-11-04 21:25:57,246 INFO o.a.j.r.c.ReportGeneratorConfiguration: Property 'jmeter.reportgenerator.graph.activeThreadsOverTime.exclude_controllers' not found, using default value 'false' instead.
2025-11-04 21:25:57,246 INFO o.a.j.r.c.ReportGeneratorConfiguration: Property 'jmeter.reportgenerator.graph.timeVsThreads.exclude_controllers' not found, using default value 'false' instead.
2025-11-04 21:25:57,246 INFO o.a.j.r.c.ReportGeneratorConfiguration: Property 'jmeter.reportgenerator.graph.responseTimeDistribution.exclude_controllers' not found, using default value 'false' instead.
2025-11-04 21:25:57,247 INFO o.a.j.r.c.ReportGeneratorConfiguration: Property 'jmeter.reportgenerator.graph.transactionsPerSecond.exclude_controllers' not found, using default value 'false' instead.
2025-11-04 21:25:57,247 INFO o.a.j.r.c.ReportGeneratorConfiguration: Property 'jmeter.reportgenerator.graph.responseTimePercentiles.exclude_controllers' not found, using default value 'false' instead.
2025-11-04 21:25:57,247 INFO o.a.j.r.c.ReportGeneratorConfiguration: Property 'jmeter.reportgenerator.graph.responseTimePercentilesOverTime.exclude_controllers' not found, using default value 'false' instead.
2025-11-04 21:25:57,248 INFO o.a.j.r.c.ReportGeneratorConfiguration: Property 'jmeter.reportgenerator.graph.responseTimesOverTime.exclude_controllers' not found, using default value 'false' instead.
2025-11-04 21:25:57,248 INFO o.a.j.r.c.ReportGeneratorConfiguration: Property 'jmeter.reportgenerator.graph.connectTimeOverTime.exclude_controllers' not found, using default value 'false' instead.
2025-11-04 21:25:57,248 INFO o.a.j.r.c.ReportGeneratorConfiguration: Property 'jmeter.reportgenerator.graph.latenciesOverTime.exclude_controllers' not found, using default value 'false' instead.
2025-11-04 21:25:57,250 INFO o.a.j.r.c.ReportGeneratorConfiguration: Property 'jmeter.reportgenerator.exporter.json.filters_only_sample_series' not found, using default value 'true' instead.
2025-11-04 21:25:57,250 INFO o.a.j.r.c.ReportGeneratorConfiguration: Property 'jmeter.reportgenerator.exporter.json.series_filter' not found, using default value '' instead.
2025-11-04 21:25:57,251 INFO o.a.j.r.c.ReportGeneratorConfiguration: Property 'jmeter.reportgenerator.exporter.json.show_controllers_only' not found, using default value 'false' instead.
2025-11-04 21:25:57,252 INFO o.a.j.r.c.ReportGeneratorConfiguration: Property 'jmeter.reportgenerator.exporter.html.filters_only_sample_series' not found, using default value 'true' instead.
2025-11-04 21:25:57,252 INFO o.a.j.r.c.ReportGeneratorConfiguration: Property 'jmeter.reportgenerator.exporter.html.series_filter' not found, using default value '' instead.
2025-11-04 21:25:57,252 INFO o.a.j.r.c.ReportGeneratorConfiguration: Property 'jmeter.reportgenerator.exporter.html.show_controllers_only' not found, using default value 'false' instead.
2025-11-04 21:25:57,273 INFO o.a.j.e.StandardJMeterEngine: Running the test!
2025-11-04 21:25:57,275 INFO o.a.j.s.SampleEvent: List of sample_variables: []
2025-11-04 21:25:57,276 INFO o.a.j.s.SampleEvent: List of sample_variables: []
2025-11-04 21:25:57,294 INFO o.a.j.e.u.CompoundVariable: Note: Function class names must contain the string: '.functions.'
2025-11-04 21:25:57,295 INFO o.a.j.e.u.CompoundVariable: Note: Function class names must not contain the string: '.gui.'
2025-11-04 21:25:57,484 INFO o.a.j.JMeter: Running test (1762291557484)
2025-11-04 21:25:57,590 INFO o.a.j.e.StandardJMeterEngine: Starting ThreadGroup: 1 : User Load 1
2025-11-04 21:25:57,590 INFO o.a.j.e.StandardJMeterEngine: Starting 100 threads for group User Load 1.
2025-11-04 21:25:57,591 INFO o.a.j.e.StandardJMeterEngine: Thread will continue on error
2025-11-04 21:25:57,591 INFO o.a.j.t.ThreadGroup: Starting thread group... number=1 threads=100 ramp-up=1 delayedStart=false
2025-11-04 21:25:57,604 INFO o.a.j.t.JMeterThread: Thread started: User Load 1 1-1
2025-11-04 21:25:57,610 INFO o.a.j.t.JMeterThread: Thread started: User Load 1 1-2
2025-11-04 21:25:57,615 INFO o.a.j.t.JMeterThread: Thread started: User Load 1 1-3
2025-11-04 21:25:57,626 INFO o.a.j.t.JMeterThread: Thread started: User Load 1 1-4
2025-11-04 21:25:57,634 INFO o.a.j.t.JMeterThread: Thread started: User Load 1 1-5
2025-11-04 21:25:57,641 INFO o.a.j.p.h.s.HTTPHCAbstractImpl: Local host = localhost.localdomain
2025-11-04 21:25:57,652 INFO o.a.j.p.h.s.HTTPHC4Impl: HTTP request retry count = 0
2025-11-04 21:25:57,652 INFO o.a.j.t.JMeterThread: Thread started: User Load 1 1-6
2025-11-04 21:25:57,655 INFO o.a.j.s.SampleResult: Note: Sample TimeStamps are START times
2025-11-04 21:25:57,655 INFO o.a.j.s.SampleResult: sampleresult.default.encoding is set to UTF-8
2025-11-04 21:25:57,656 INFO o.a.j.s.SampleResult: sampleresult.useNanoTime=true
2025-11-04 21:25:57,656 INFO o.a.j.s.SampleResult: sampleresult.nanoThreadSleep=5000
2025-11-04 21:25:57,662 INFO o.a.j.t.JMeterThread: Thread started: User Load 1 1-7
2025-11-04 21:25:57,668 INFO o.a.j.t.JMeterThread: Thread started: User Load 1 1-8
2025-11-04 21:25:57,677 INFO o.a.j.t.JMeterThread: Thread started: User Load 1 1-9
2025-11-04 21:25:57,689 INFO o.a.j.t.JMeterThread: Thread started: User Load 1 1-10
2025-11-04 21:25:57,703 INFO o.a.j.t.JMeterThread: Thread started: User Load 1 1-11
2025-11-04 21:25:57,711 INFO o.a.j.t.JMeterThread: Thread started: User Load 1 1-12
2025-11-04 21:25:57,719 INFO o.a.j.t.JMeterThread: Thread started: User Load 1 1-13
2025-11-04 21:25:57,733 INFO o.a.j.t.JMeterThread: Thread started: User Load 1 1-14
2025-11-04 21:25:57,740 INFO o.a.j.t.JMeterThread: Thread started: User Load 1 1-15
2025-11-04 21:25:57,745 INFO o.a.j.t.JMeterThread: Thread started: User Load 1 1-16
2025-11-04 21:25:57,758 INFO o.a.j.t.JMeterThread: Thread started: User Load 1 1-17
2025-11-04 21:25:57,766 INFO o.a.j.t.JMeterThread: Thread started: User Load 1 1-18
2025-11-04 21:25:57,778 INFO o.a.j.t.JMeterThread: Thread started: User Load 1 1-19
2025-11-04 21:25:57,789 INFO o.a.j.t.JMeterThread: Thread started: User Load 1 1-20
2025-11-04 21:25:57,797 INFO o.a.j.t.JMeterThread: Thread started: User Load 1 1-21
2025-11-04 21:25:57,804 INFO o.a.j.t.JMeterThread: Thread started: User Load 1 1-22
2025-11-04 21:25:57,815 INFO o.a.j.t.JMeterThread: Thread started: User Load 1 1-23
2025-11-04 21:25:57,826 INFO o.a.j.t.JMeterThread: Thread started: User Load 1 1-24
2025-11-04 21:25:57,837 INFO o.a.j.t.JMeterThread: Thread started: User Load 1 1-25
2025-11-04 21:25:57,848 INFO o.a.j.t.JMeterThread: Thread started: User Load 1 1-26
2025-11-04 21:25:57,855 INFO o.a.j.t.JMeterThread: Thread started: User Load 1 1-27
2025-11-04 21:25:57,866 INFO o.a.j.t.JMeterThread: Thread started: User Load 1 1-28
2025-11-04 21:25:57,874 INFO o.a.j.t.JMeterThread: Thread started: User Load 1 1-29
2025-11-04 21:25:57,886 INFO o.a.j.t.JMeterThread: Thread started: User Load 1 1-30
2025-11-04 21:25:57,902 INFO o.a.j.t.JMeterThread: Thread started: User Load 1 1-31
2025-11-04 21:25:57,913 INFO o.a.j.t.JMeterThread: Thread started: User Load 1 1-32
2025-11-04 21:25:57,914 INFO o.a.j.t.JMeterThread: Thread started: User Load 1 1-33
2025-11-04 21:25:57,943 INFO o.a.j.t.JMeterThread: Thread started: User Load 1 1-34
2025-11-04 21:25:57,945 INFO o.a.j.t.JMeterThread: Thread started: User Load 1 1-35
2025-11-04 21:25:57,951 INFO o.a.j.t.JMeterThread: Thread started: User Load 1 1-36
2025-11-04 21:25:57,970 INFO o.a.j.t.JMeterThread: Thread started: User Load 1 1-38
2025-11-04 21:25:57,973 INFO o.a.j.t.JMeterThread: Thread started: User Load 1 1-37
2025-11-04 21:25:57,973 INFO o.a.j.t.JMeterThread: Thread started: User Load 1 1-39
2025-11-04 21:25:57,995 INFO o.a.j.t.JMeterThread: Thread started: User Load 1 1-40
2025-11-04 21:25:57,999 INFO o.a.j.t.JMeterThread: Thread started: User Load 1 1-41
2025-11-04 21:25:58,011 INFO o.a.j.t.JMeterThread: Thread started: User Load 1 1-42
2025-11-04 21:25:58,019 INFO o.a.j.t.JMeterThread: Thread started: User Load 1 1-43
2025-11-04 21:25:58,036 INFO o.a.j.t.JMeterThread: Thread started: User Load 1 1-44
2025-11-04 21:25:58,058 INFO o.a.j.t.JMeterThread: Thread started: User Load 1 1-47
2025-11-04 21:25:58,062 INFO o.a.j.t.JMeterThread: Thread started: User Load 1 1-46
2025-11-04 21:25:58,068 INFO o.a.j.t.JMeterThread: Thread started: User Load 1 1-48
2025-11-04 21:25:58,065 INFO o.a.j.t.JMeterThread: Thread started: User Load 1 1-45
2025-11-04 21:25:58,080 INFO o.a.j.t.ThreadGroup: Started thread group number 1
2025-11-04 21:25:58,081 INFO o.a.j.e.StandardJMeterEngine: All thread groups have been started
2025-11-04 21:25:58,082 INFO o.a.j.t.JMeterThread: Thread started: User Load 1 1-49
2025-11-04 21:25:58,091 INFO o.a.j.t.JMeterThread: Thread started: User Load 1 1-50
2025-11-04 21:25:58,109 INFO o.a.j.t.JMeterThread: Thread started: User Load 1 1-51
2025-11-04 21:25:58,108 INFO o.a.j.t.JMeterThread: Thread started: User Load 1 1-52
2025-11-04 21:25:58,124 INFO o.a.j.t.JMeterThread: Thread started: User Load 1 1-53
2025-11-04 21:25:58,134 INFO o.a.j.t.JMeterThread: Thread started: User Load 1 1-54
2025-11-04 21:25:58,135 INFO o.a.j.t.JMeterThread: Thread started: User Load 1 1-55
2025-11-04 21:25:58,148 INFO o.a.j.t.JMeterThread: Thread started: User Load 1 1-56
2025-11-04 21:25:58,163 INFO o.a.j.t.JMeterThread: Thread started: User Load 1 1-57
2025-11-04 21:25:58,166 INFO o.a.j.t.JMeterThread: Thread started: User Load 1 1-58
2025-11-04 21:25:58,176 INFO o.a.j.t.JMeterThread: Thread started: User Load 1 1-59
2025-11-04 21:25:58,184 INFO o.a.j.t.JMeterThread: Thread started: User Load 1 1-60
2025-11-04 21:25:58,210 INFO o.a.j.t.JMeterThread: Thread started: User Load 1 1-61
2025-11-04 21:25:58,214 INFO o.a.j.t.JMeterThread: Thread started: User Load 1 1-62
2025-11-04 21:25:58,223 INFO o.a.j.t.JMeterThread: Thread started: User Load 1 1-63
2025-11-04 21:25:58,229 INFO o.a.j.t.JMeterThread: Thread started: User Load 1 1-64
2025-11-04 21:25:58,234 INFO o.a.j.t.JMeterThread: Thread started: User Load 1 1-65
2025-11-04 21:25:58,243 INFO o.a.j.t.JMeterThread: Thread started: User Load 1 1-66
2025-11-04 21:25:58,254 INFO o.a.j.t.JMeterThread: Thread started: User Load 1 1-67
2025-11-04 21:25:58,263 INFO o.a.j.t.JMeterThread: Thread started: User Load 1 1-68
2025-11-04 21:25:58,273 INFO o.a.j.t.JMeterThread: Thread started: User Load 1 1-69
2025-11-04 21:25:58,296 INFO o.a.j.t.JMeterThread: Thread started: User Load 1 1-70
2025-11-04 21:25:58,308 INFO o.a.j.t.JMeterThread: Thread started: User Load 1 1-72
2025-11-04 21:25:58,310 INFO o.a.j.t.JMeterThread: Thread started: User Load 1 1-71
2025-11-04 21:25:58,323 INFO o.a.j.t.JMeterThread: Thread started: User Load 1 1-73
2025-11-04 21:25:58,323 INFO o.a.j.t.JMeterThread: Thread started: User Load 1 1-74
2025-11-04 21:25:58,340 INFO o.a.j.t.JMeterThread: Thread started: User Load 1 1-75
2025-11-04 21:25:58,346 INFO o.a.j.t.JMeterThread: Thread started: User Load 1 1-76
2025-11-04 21:25:58,361 INFO o.a.j.t.JMeterThread: Thread started: User Load 1 1-77
2025-11-04 21:25:58,364 INFO o.a.j.t.JMeterThread: Thread started: User Load 1 1-78
2025-11-04 21:25:58,374 INFO o.a.j.t.JMeterThread: Thread started: User Load 1 1-79
2025-11-04 21:25:58,394 INFO o.a.j.t.JMeterThread: Thread started: User Load 1 1-80
2025-11-04 21:25:58,403 INFO o.a.j.t.JMeterThread: Thread started: User Load 1 1-81
2025-11-04 21:25:58,409 INFO o.a.j.t.JMeterThread: Thread started: User Load 1 1-82
2025-11-04 21:25:58,415 INFO o.a.j.t.JMeterThread: Thread started: User Load 1 1-83
2025-11-04 21:25:58,426 INFO o.a.j.t.JMeterThread: Thread started: User Load 1 1-84
2025-11-04 21:25:58,443 INFO o.a.j.t.JMeterThread: Thread started: User Load 1 1-86
2025-11-04 21:25:58,443 INFO o.a.j.t.JMeterThread: Thread started: User Load 1 1-85
2025-11-04 21:25:58,463 INFO o.a.j.t.JMeterThread: Thread started: User Load 1 1-88
2025-11-04 21:25:58,471 INFO o.a.j.t.JMeterThread: Thread started: User Load 1 1-87
2025-11-04 21:25:58,474 INFO o.a.j.t.JMeterThread: Thread started: User Load 1 1-89
2025-11-04 21:25:58,500 INFO o.a.j.t.JMeterThread: Thread started: User Load 1 1-90
2025-11-04 21:25:58,513 INFO o.a.j.t.JMeterThread: Thread started: User Load 1 1-93
2025-11-04 21:25:58,522 INFO o.a.j.t.JMeterThread: Thread started: User Load 1 1-91
2025-11-04 21:25:58,570 INFO o.a.j.t.JMeterThread: Thread started: User Load 1 1-97
2025-11-04 21:25:58,583 INFO o.a.j.t.JMeterThread: Thread started: User Load 1 1-98
2025-11-04 21:25:58,589 INFO o.a.j.t.JMeterThread: Thread started: User Load 1 1-100
2025-11-04 21:25:58,592 INFO o.a.j.t.JMeterThread: Thread started: User Load 1 1-99
2025-11-04 21:25:58,595 INFO o.a.j.t.JMeterThread: Thread started: User Load 1 1-94
2025-11-04 21:25:58,610 INFO o.a.j.t.JMeterThread: Thread started: User Load 1 1-96
2025-11-04 21:25:58,618 INFO o.a.j.t.JMeterThread: Thread started: User Load 1 1-95
2025-11-04 21:25:58,667 INFO o.a.j.t.JMeterThread: Thread started: User Load 1 1-92
2025-11-04 21:26:00,008 INFO o.a.j.r.Summariser: summary +     39 in 00:00:03 =   15.5/s Avg:   234 Min:    27 Max:  2052 Err:     0 (0.00%) Active: 100 Started: 100 Finished: 0
2025-11-04 21:26:19,090 INFO o.a.j.t.JMeterThread: Thread is done: User Load 1 1-31
2025-11-04 21:26:19,090 INFO o.a.j.t.JMeterThread: Thread finished: User Load 1 1-31
2025-11-04 21:26:19,298 INFO o.a.j.t.JMeterThread: Thread is done: User Load 1 1-8
2025-11-04 21:26:19,299 INFO o.a.j.t.JMeterThread: Thread finished: User Load 1 1-8
2025-11-04 21:26:19,406 INFO o.a.j.t.JMeterThread: Thread is done: User Load 1 1-22
2025-11-04 21:26:19,406 INFO o.a.j.t.JMeterThread: Thread finished: User Load 1 1-22
2025-11-04 21:26:19,506 INFO o.a.j.t.JMeterThread: Thread is done: User Load 1 1-28
2025-11-04 21:26:19,506 INFO o.a.j.t.JMeterThread: Thread finished: User Load 1 1-28
2025-11-04 21:26:21,808 INFO o.a.j.t.JMeterThread: Thread is done: User Load 1 1-30
2025-11-04 21:26:21,808 INFO o.a.j.t.JMeterThread: Thread finished: User Load 1 1-30
2025-11-04 21:26:21,923 INFO o.a.j.t.JMeterThread: Thread is done: User Load 1 1-10
2025-11-04 21:26:21,923 INFO o.a.j.t.JMeterThread: Thread finished: User Load 1 1-10
2025-11-04 21:26:22,087 INFO o.a.j.t.JMeterThread: Thread is done: User Load 1 1-71
2025-11-04 21:26:22,088 INFO o.a.j.t.JMeterThread: Thread finished: User Load 1 1-71
2025-11-04 21:26:22,190 INFO o.a.j.t.JMeterThread: Thread is done: User Load 1 1-32
2025-11-04 21:26:22,190 INFO o.a.j.t.JMeterThread: Thread finished: User Load 1 1-32
2025-11-04 21:26:22,532 INFO o.a.j.t.JMeterThread: Thread is done: User Load 1 1-20
2025-11-04 21:26:22,533 INFO o.a.j.t.JMeterThread: Thread finished: User Load 1 1-20
2025-11-04 21:26:22,534 INFO o.a.j.t.JMeterThread: Thread is done: User Load 1 1-13
2025-11-04 21:26:22,534 INFO o.a.j.t.JMeterThread: Thread finished: User Load 1 1-13
2025-11-04 21:26:22,539 INFO o.a.j.t.JMeterThread: Thread is done: User Load 1 1-14
2025-11-04 21:26:22,539 INFO o.a.j.t.JMeterThread: Thread finished: User Load 1 1-14
2025-11-04 21:26:22,540 INFO o.a.j.t.JMeterThread: Thread is done: User Load 1 1-23
2025-11-04 21:26:22,541 INFO o.a.j.t.JMeterThread: Thread finished: User Load 1 1-23
2025-11-04 21:26:29,007 INFO o.a.j.t.JMeterThread: Thread is done: User Load 1 1-38
2025-11-04 21:26:29,007 INFO o.a.j.t.JMeterThread: Thread finished: User Load 1 1-38
2025-11-04 21:26:31,417 INFO o.a.j.r.Summariser: summary +    200 in 00:00:31 =    6.4/s Avg: 10795 Min:   103 Max: 18075 Err:    21 (10.50%) Active: 87 Started: 100 Finished: 13
2025-11-04 21:26:31,418 INFO o.a.j.r.Summariser: summary =    239 in 00:00:34 =    7.0/s Avg:  9071 Min:    27 Max: 18075 Err:    21 (8.79%)
2025-11-04 21:26:33,791 INFO o.a.j.t.JMeterThread: Thread is done: User Load 1 1-12
2025-11-04 21:26:33,791 INFO o.a.j.t.JMeterThread: Thread finished: User Load 1 1-12
2025-11-04 21:26:36,216 INFO o.a.j.t.JMeterThread: Thread is done: User Load 1 1-88
2025-11-04 21:26:36,216 INFO o.a.j.t.JMeterThread: Thread finished: User Load 1 1-88
2025-11-04 21:26:38,293 INFO o.a.j.t.JMeterThread: Thread is done: User Load 1 1-97
2025-11-04 21:26:38,293 INFO o.a.j.t.JMeterThread: Thread finished: User Load 1 1-97
2025-11-04 21:26:38,448 INFO o.a.j.t.JMeterThread: Thread is done: User Load 1 1-82
2025-11-04 21:26:38,448 INFO o.a.j.t.JMeterThread: Thread finished: User Load 1 1-82
2025-11-04 21:26:38,691 INFO o.a.j.t.JMeterThread: Thread is done: User Load 1 1-94
2025-11-04 21:26:38,691 INFO o.a.j.t.JMeterThread: Thread finished: User Load 1 1-94
2025-11-04 21:26:40,305 INFO o.a.j.t.JMeterThread: Thread is done: User Load 1 1-84
2025-11-04 21:26:40,305 INFO o.a.j.t.JMeterThread: Thread finished: User Load 1 1-84
2025-11-04 21:26:40,594 INFO o.a.j.t.JMeterThread: Thread is done: User Load 1 1-75
2025-11-04 21:26:40,595 INFO o.a.j.t.JMeterThread: Thread finished: User Load 1 1-75
2025-11-04 21:26:40,708 INFO o.a.j.t.JMeterThread: Thread is done: User Load 1 1-36
2025-11-04 21:26:40,708 INFO o.a.j.t.JMeterThread: Thread finished: User Load 1 1-36
2025-11-04 21:26:40,788 INFO o.a.j.t.JMeterThread: Thread is done: User Load 1 1-96
2025-11-04 21:26:40,789 INFO o.a.j.t.JMeterThread: Thread finished: User Load 1 1-96
2025-11-04 21:26:40,919 INFO o.a.j.t.JMeterThread: Thread is done: User Load 1 1-79
2025-11-04 21:26:40,919 INFO o.a.j.t.JMeterThread: Thread finished: User Load 1 1-79
2025-11-04 21:26:41,031 INFO o.a.j.t.JMeterThread: Thread is done: User Load 1 1-93
2025-11-04 21:26:41,031 INFO o.a.j.t.JMeterThread: Thread finished: User Load 1 1-93
2025-11-04 21:26:41,090 INFO o.a.j.t.JMeterThread: Thread is done: User Load 1 1-34
2025-11-04 21:26:41,090 INFO o.a.j.t.JMeterThread: Thread finished: User Load 1 1-34
2025-11-04 21:26:41,231 INFO o.a.j.t.JMeterThread: Thread is done: User Load 1 1-87
2025-11-04 21:26:41,231 INFO o.a.j.t.JMeterThread: Thread finished: User Load 1 1-87
2025-11-04 21:26:41,441 INFO o.a.j.t.JMeterThread: Thread is done: User Load 1 1-83
2025-11-04 21:26:41,441 INFO o.a.j.t.JMeterThread: Thread finished: User Load 1 1-83
2025-11-04 21:26:41,528 INFO o.a.j.t.JMeterThread: Thread is done: User Load 1 1-65
2025-11-04 21:26:41,529 INFO o.a.j.t.JMeterThread: Thread finished: User Load 1 1-65
2025-11-04 21:26:41,731 INFO o.a.j.t.JMeterThread: Thread is done: User Load 1 1-69
2025-11-04 21:26:41,731 INFO o.a.j.t.JMeterThread: Thread finished: User Load 1 1-69
2025-11-04 21:26:41,921 INFO o.a.j.t.JMeterThread: Thread is done: User Load 1 1-86
2025-11-04 21:26:41,922 INFO o.a.j.t.JMeterThread: Thread finished: User Load 1 1-86
2025-11-04 21:26:42,034 INFO o.a.j.t.JMeterThread: Thread is done: User Load 1 1-85
2025-11-04 21:26:42,034 INFO o.a.j.t.JMeterThread: Thread finished: User Load 1 1-85
2025-11-04 21:26:42,220 INFO o.a.j.t.JMeterThread: Thread is done: User Load 1 1-89
2025-11-04 21:26:42,220 INFO o.a.j.t.JMeterThread: Thread finished: User Load 1 1-89
2025-11-04 21:26:42,397 INFO o.a.j.t.JMeterThread: Thread is done: User Load 1 1-7
2025-11-04 21:26:42,397 INFO o.a.j.t.JMeterThread: Thread finished: User Load 1 1-7
2025-11-04 21:26:42,488 INFO o.a.j.t.JMeterThread: Thread is done: User Load 1 1-99
2025-11-04 21:26:42,489 INFO o.a.j.t.JMeterThread: Thread finished: User Load 1 1-99
2025-11-04 21:26:42,605 INFO o.a.j.t.JMeterThread: Thread is done: User Load 1 1-26
2025-11-04 21:26:42,606 INFO o.a.j.t.JMeterThread: Thread finished: User Load 1 1-26
2025-11-04 21:26:42,636 INFO o.a.j.t.JMeterThread: Thread is done: User Load 1 1-92
2025-11-04 21:26:42,637 INFO o.a.j.t.JMeterThread: Thread finished: User Load 1 1-92
2025-11-04 21:26:42,701 INFO o.a.j.t.JMeterThread: Thread is done: User Load 1 1-35
2025-11-04 21:26:42,702 INFO o.a.j.t.JMeterThread: Thread finished: User Load 1 1-35
2025-11-04 21:26:42,740 INFO o.a.j.t.JMeterThread: Thread is done: User Load 1 1-43
2025-11-04 21:26:42,740 INFO o.a.j.t.JMeterThread: Thread finished: User Load 1 1-43
2025-11-04 21:26:42,825 INFO o.a.j.t.JMeterThread: Thread is done: User Load 1 1-91
2025-11-04 21:26:42,825 INFO o.a.j.t.JMeterThread: Thread finished: User Load 1 1-91
2025-11-04 21:26:42,991 INFO o.a.j.t.JMeterThread: Thread is done: User Load 1 1-67
2025-11-04 21:26:42,992 INFO o.a.j.t.JMeterThread: Thread finished: User Load 1 1-67
2025-11-04 21:26:43,002 INFO o.a.j.t.JMeterThread: Thread is done: User Load 1 1-70
2025-11-04 21:26:43,002 INFO o.a.j.t.JMeterThread: Thread finished: User Load 1 1-70
2025-11-04 21:26:43,105 INFO o.a.j.t.JMeterThread: Thread is done: User Load 1 1-18
2025-11-04 21:26:43,105 INFO o.a.j.t.JMeterThread: Thread finished: User Load 1 1-18
2025-11-04 21:26:43,107 INFO o.a.j.t.JMeterThread: Thread is done: User Load 1 1-73
2025-11-04 21:26:43,107 INFO o.a.j.t.JMeterThread: Thread finished: User Load 1 1-73
2025-11-04 21:26:43,112 INFO o.a.j.t.JMeterThread: Thread is done: User Load 1 1-37
2025-11-04 21:26:43,112 INFO o.a.j.t.JMeterThread: Thread finished: User Load 1 1-37
2025-11-04 21:26:43,189 INFO o.a.j.t.JMeterThread: Thread is done: User Load 1 1-95
2025-11-04 21:26:43,189 INFO o.a.j.t.JMeterThread: Thread finished: User Load 1 1-95
2025-11-04 21:26:43,193 INFO o.a.j.t.JMeterThread: Thread is done: User Load 1 1-48
2025-11-04 21:26:43,193 INFO o.a.j.t.JMeterThread: Thread finished: User Load 1 1-48
2025-11-04 21:26:43,298 INFO o.a.j.t.JMeterThread: Thread is done: User Load 1 1-6
2025-11-04 21:26:43,298 INFO o.a.j.t.JMeterThread: Thread finished: User Load 1 1-6
2025-11-04 21:26:43,306 INFO o.a.j.t.JMeterThread: Thread is done: User Load 1 1-24
2025-11-04 21:26:43,306 INFO o.a.j.t.JMeterThread: Thread finished: User Load 1 1-24
2025-11-04 21:26:43,389 INFO o.a.j.t.JMeterThread: Thread is done: User Load 1 1-29
2025-11-04 21:26:43,389 INFO o.a.j.t.JMeterThread: Thread finished: User Load 1 1-29
2025-11-04 21:26:43,495 INFO o.a.j.t.JMeterThread: Thread is done: User Load 1 1-45
2025-11-04 21:26:43,495 INFO o.a.j.t.JMeterThread: Thread finished: User Load 1 1-45
2025-11-04 21:26:43,505 INFO o.a.j.t.JMeterThread: Thread is done: User Load 1 1-5
2025-11-04 21:26:43,505 INFO o.a.j.t.JMeterThread: Thread finished: User Load 1 1-5
2025-11-04 21:26:43,592 INFO o.a.j.t.JMeterThread: Thread is done: User Load 1 1-60
2025-11-04 21:26:43,593 INFO o.a.j.t.JMeterThread: Thread finished: User Load 1 1-60
2025-11-04 21:26:43,694 INFO o.a.j.t.JMeterThread: Thread is done: User Load 1 1-2
2025-11-04 21:26:43,695 INFO o.a.j.t.JMeterThread: Thread finished: User Load 1 1-2
2025-11-04 21:26:43,749 INFO o.a.j.t.JMeterThread: Thread is done: User Load 1 1-49
2025-11-04 21:26:43,749 INFO o.a.j.t.JMeterThread: Thread finished: User Load 1 1-49
2025-11-04 21:26:43,789 INFO o.a.j.t.JMeterThread: Thread is done: User Load 1 1-27
2025-11-04 21:26:43,790 INFO o.a.j.t.JMeterThread: Thread finished: User Load 1 1-27
2025-11-04 21:26:43,937 INFO o.a.j.t.JMeterThread: Thread is done: User Load 1 1-9
2025-11-04 21:26:43,937 INFO o.a.j.t.JMeterThread: Thread finished: User Load 1 1-9
2025-11-04 21:26:43,991 INFO o.a.j.t.JMeterThread: Thread is done: User Load 1 1-1
2025-11-04 21:26:43,991 INFO o.a.j.t.JMeterThread: Thread finished: User Load 1 1-1
2025-11-04 21:26:43,992 INFO o.a.j.t.JMeterThread: Thread is done: User Load 1 1-77
2025-11-04 21:26:43,993 INFO o.a.j.t.JMeterThread: Thread finished: User Load 1 1-77
2025-11-04 21:26:44,144 INFO o.a.j.t.JMeterThread: Thread is done: User Load 1 1-76
2025-11-04 21:26:44,144 INFO o.a.j.t.JMeterThread: Thread finished: User Load 1 1-76
2025-11-04 21:26:44,194 INFO o.a.j.t.JMeterThread: Thread is done: User Load 1 1-11
2025-11-04 21:26:44,195 INFO o.a.j.t.JMeterThread: Thread finished: User Load 1 1-11
2025-11-04 21:26:44,257 INFO o.a.j.t.JMeterThread: Thread is done: User Load 1 1-41
2025-11-04 21:26:44,257 INFO o.a.j.t.JMeterThread: Thread finished: User Load 1 1-41
2025-11-04 21:26:44,294 INFO o.a.j.t.JMeterThread: Thread is done: User Load 1 1-17
2025-11-04 21:26:44,294 INFO o.a.j.t.JMeterThread: Thread finished: User Load 1 1-17
2025-11-04 21:26:44,391 INFO o.a.j.t.JMeterThread: Thread is done: User Load 1 1-3
2025-11-04 21:26:44,392 INFO o.a.j.t.JMeterThread: Thread finished: User Load 1 1-3
2025-11-04 21:26:44,463 INFO o.a.j.t.JMeterThread: Thread is done: User Load 1 1-47
2025-11-04 21:26:44,463 INFO o.a.j.t.JMeterThread: Thread finished: User Load 1 1-47
2025-11-04 21:26:44,541 INFO o.a.j.t.JMeterThread: Thread is done: User Load 1 1-78
2025-11-04 21:26:44,541 INFO o.a.j.t.JMeterThread: Thread finished: User Load 1 1-78
2025-11-04 21:26:44,645 INFO o.a.j.t.JMeterThread: Thread is done: User Load 1 1-50
2025-11-04 21:26:44,646 INFO o.a.j.t.JMeterThread: Thread finished: User Load 1 1-50
2025-11-04 21:26:44,692 INFO o.a.j.t.JMeterThread: Thread is done: User Load 1 1-56
2025-11-04 21:26:44,692 INFO o.a.j.t.JMeterThread: Thread finished: User Load 1 1-56
2025-11-04 21:26:44,704 INFO o.a.j.t.JMeterThread: Thread is done: User Load 1 1-51
2025-11-04 21:26:44,704 INFO o.a.j.t.JMeterThread: Thread finished: User Load 1 1-51
2025-11-04 21:26:44,800 INFO o.a.j.t.JMeterThread: Thread is done: User Load 1 1-19
2025-11-04 21:26:44,801 INFO o.a.j.t.JMeterThread: Thread finished: User Load 1 1-19
2025-11-04 21:26:44,858 INFO o.a.j.t.JMeterThread: Thread is done: User Load 1 1-42
2025-11-04 21:26:44,858 INFO o.a.j.t.JMeterThread: Thread finished: User Load 1 1-42
2025-11-04 21:26:44,956 INFO o.a.j.t.JMeterThread: Thread is done: User Load 1 1-40
2025-11-04 21:26:44,956 INFO o.a.j.t.JMeterThread: Thread finished: User Load 1 1-40
2025-11-04 21:26:44,991 INFO o.a.j.t.JMeterThread: Thread is done: User Load 1 1-4
2025-11-04 21:26:44,991 INFO o.a.j.t.JMeterThread: Thread finished: User Load 1 1-4
2025-11-04 21:26:45,047 INFO o.a.j.t.JMeterThread: Thread is done: User Load 1 1-81
2025-11-04 21:26:45,047 INFO o.a.j.t.JMeterThread: Thread finished: User Load 1 1-81
2025-11-04 21:26:45,095 INFO o.a.j.t.JMeterThread: Thread is done: User Load 1 1-25
2025-11-04 21:26:45,095 INFO o.a.j.t.JMeterThread: Thread finished: User Load 1 1-25
2025-11-04 21:26:45,111 INFO o.a.j.t.JMeterThread: Thread is done: User Load 1 1-39
2025-11-04 21:26:45,111 INFO o.a.j.t.JMeterThread: Thread finished: User Load 1 1-39
2025-11-04 21:26:45,251 INFO o.a.j.t.JMeterThread: Thread is done: User Load 1 1-53
2025-11-04 21:26:45,251 INFO o.a.j.t.JMeterThread: Thread finished: User Load 1 1-53
2025-11-04 21:26:45,351 INFO o.a.j.t.JMeterThread: Thread is done: User Load 1 1-46
2025-11-04 21:26:45,351 INFO o.a.j.t.JMeterThread: Thread finished: User Load 1 1-46
2025-11-04 21:26:45,396 INFO o.a.j.t.JMeterThread: Thread is done: User Load 1 1-52
2025-11-04 21:26:45,396 INFO o.a.j.t.JMeterThread: Thread finished: User Load 1 1-52
2025-11-04 21:26:45,447 INFO o.a.j.t.JMeterThread: Thread is done: User Load 1 1-21
2025-11-04 21:26:45,447 INFO o.a.j.t.JMeterThread: Thread finished: User Load 1 1-21
2025-11-04 21:26:45,551 INFO o.a.j.t.JMeterThread: Thread is done: User Load 1 1-58
2025-11-04 21:26:45,551 INFO o.a.j.t.JMeterThread: Thread finished: User Load 1 1-58
2025-11-04 21:26:45,643 INFO o.a.j.t.JMeterThread: Thread is done: User Load 1 1-55
2025-11-04 21:26:45,643 INFO o.a.j.t.JMeterThread: Thread finished: User Load 1 1-55
2025-11-04 21:26:45,745 INFO o.a.j.t.JMeterThread: Thread is done: User Load 1 1-16
2025-11-04 21:26:45,745 INFO o.a.j.t.JMeterThread: Thread finished: User Load 1 1-16
2025-11-04 21:26:45,836 INFO o.a.j.t.JMeterThread: Thread is done: User Load 1 1-62
2025-11-04 21:26:45,836 INFO o.a.j.t.JMeterThread: Thread finished: User Load 1 1-62
2025-11-04 21:26:45,905 INFO o.a.j.t.JMeterThread: Thread is done: User Load 1 1-100
2025-11-04 21:26:45,906 INFO o.a.j.t.JMeterThread: Thread finished: User Load 1 1-100
2025-11-04 21:26:45,948 INFO o.a.j.t.JMeterThread: Thread is done: User Load 1 1-54
2025-11-04 21:26:45,948 INFO o.a.j.t.JMeterThread: Thread finished: User Load 1 1-54
2025-11-04 21:26:46,193 INFO o.a.j.t.JMeterThread: Thread is done: User Load 1 1-33
2025-11-04 21:26:46,193 INFO o.a.j.t.JMeterThread: Thread finished: User Load 1 1-33
2025-11-04 21:26:46,249 INFO o.a.j.t.JMeterThread: Thread is done: User Load 1 1-72
2025-11-04 21:26:46,249 INFO o.a.j.t.JMeterThread: Thread finished: User Load 1 1-72
2025-11-04 21:26:46,442 INFO o.a.j.t.JMeterThread: Thread is done: User Load 1 1-61
2025-11-04 21:26:46,442 INFO o.a.j.t.JMeterThread: Thread finished: User Load 1 1-61
2025-11-04 21:26:46,540 INFO o.a.j.t.JMeterThread: Thread is done: User Load 1 1-59
2025-11-04 21:26:46,540 INFO o.a.j.t.JMeterThread: Thread finished: User Load 1 1-59
2025-11-04 21:26:46,601 INFO o.a.j.t.JMeterThread: Thread is done: User Load 1 1-98
2025-11-04 21:26:46,601 INFO o.a.j.t.JMeterThread: Thread finished: User Load 1 1-98
2025-11-04 21:26:46,651 INFO o.a.j.t.JMeterThread: Thread is done: User Load 1 1-68
2025-11-04 21:26:46,651 INFO o.a.j.t.JMeterThread: Thread finished: User Load 1 1-68
2025-11-04 21:26:46,847 INFO o.a.j.t.JMeterThread: Thread is done: User Load 1 1-66
2025-11-04 21:26:46,848 INFO o.a.j.t.JMeterThread: Thread finished: User Load 1 1-66
2025-11-04 21:26:46,935 INFO o.a.j.t.JMeterThread: Thread is done: User Load 1 1-64
2025-11-04 21:26:46,935 INFO o.a.j.t.JMeterThread: Thread finished: User Load 1 1-64
2025-11-04 21:26:47,050 INFO o.a.j.t.JMeterThread: Thread is done: User Load 1 1-74
2025-11-04 21:26:47,050 INFO o.a.j.t.JMeterThread: Thread finished: User Load 1 1-74
2025-11-04 21:26:47,104 INFO o.a.j.t.JMeterThread: Thread is done: User Load 1 1-63
2025-11-04 21:26:47,104 INFO o.a.j.t.JMeterThread: Thread finished: User Load 1 1-63
2025-11-04 21:26:47,226 INFO o.a.j.t.JMeterThread: Thread is done: User Load 1 1-44
2025-11-04 21:26:47,226 INFO o.a.j.t.JMeterThread: Thread finished: User Load 1 1-44
2025-11-04 21:26:47,287 INFO o.a.j.t.JMeterThread: Thread is done: User Load 1 1-90
2025-11-04 21:26:47,288 INFO o.a.j.t.JMeterThread: Thread finished: User Load 1 1-90
2025-11-04 21:26:47,350 INFO o.a.j.t.JMeterThread: Thread is done: User Load 1 1-80
2025-11-04 21:26:47,350 INFO o.a.j.t.JMeterThread: Thread finished: User Load 1 1-80
2025-11-04 21:29:39,315 INFO o.a.j.r.ResultCollector: Shutdown hook started
2025-11-04 21:29:39,334 INFO o.a.j.r.ResultCollector: Shutdown hook ended
